---
source: full-moon/tests/pass_cases.rs
expression: ast.nodes()
input_file: full-moon/tests/luax_cases/pass/children-multiple
---
stmts: []
last_stmt:
  - Return:
      token:
        leading_trivia: []
        token:
          start_position:
            bytes: 0
            line: 1
            character: 1
          end_position:
            bytes: 6
            line: 1
            character: 7
          token_type:
            type: Symbol
            symbol: return
        trailing_trivia:
          - start_position:
              bytes: 6
              line: 1
              character: 7
            end_position:
              bytes: 7
              line: 1
              character: 8
            token_type:
              type: Whitespace
              characters: " "
      returns:
        pairs:
          - End:
              Parentheses:
                contained:
                  tokens:
                    - leading_trivia: []
                      token:
                        start_position:
                          bytes: 7
                          line: 1
                          character: 8
                        end_position:
                          bytes: 8
                          line: 1
                          character: 9
                        token_type:
                          type: Symbol
                          symbol: (
                      trailing_trivia:
                        - start_position:
                            bytes: 8
                            line: 1
                            character: 9
                          end_position:
                            bytes: 9
                            line: 1
                            character: 9
                          token_type:
                            type: Whitespace
                            characters: "\n"
                    - leading_trivia: []
                      token:
                        start_position:
                          bytes: 60
                          line: 6
                          character: 1
                        end_position:
                          bytes: 61
                          line: 6
                          character: 2
                        token_type:
                          type: Symbol
                          symbol: )
                      trailing_trivia:
                        - start_position:
                            bytes: 61
                            line: 6
                            character: 2
                          end_position:
                            bytes: 62
                            line: 6
                            character: 2
                          token_type:
                            type: Whitespace
                            characters: "\n"
                expression:
                  LuaxElement:
                    opening_element:
                      opening_bracket:
                        leading_trivia:
                          - start_position:
                              bytes: 9
                              line: 2
                              character: 1
                            end_position:
                              bytes: 10
                              line: 2
                              character: 2
                            token_type:
                              type: Whitespace
                              characters: "\t"
                        token:
                          start_position:
                            bytes: 10
                            line: 2
                            character: 2
                          end_position:
                            bytes: 11
                            line: 2
                            character: 3
                          token_type:
                            type: Symbol
                            symbol: "<"
                        trailing_trivia: []
                      name:
                        Name:
                          leading_trivia: []
                          token:
                            start_position:
                              bytes: 11
                              line: 2
                              character: 3
                            end_position:
                              bytes: 20
                              line: 2
                              character: 12
                            token_type:
                              type: Identifier
                              identifier: Component
                          trailing_trivia: []
                      attributes: []
                      self_closing: ~
                      closing_bracket:
                        leading_trivia: []
                        token:
                          start_position:
                            bytes: 20
                            line: 2
                            character: 12
                          end_position:
                            bytes: 21
                            line: 2
                            character: 13
                          token_type:
                            type: Symbol
                            symbol: ">"
                        trailing_trivia:
                          - start_position:
                              bytes: 21
                              line: 2
                              character: 13
                            end_position:
                              bytes: 22
                              line: 2
                              character: 13
                            token_type:
                              type: Whitespace
                              characters: "\n"
                    children:
                      - Element:
                          opening_element:
                            opening_bracket:
                              leading_trivia:
                                - start_position:
                                    bytes: 22
                                    line: 3
                                    character: 1
                                  end_position:
                                    bytes: 24
                                    line: 3
                                    character: 3
                                  token_type:
                                    type: Whitespace
                                    characters: "\t\t"
                              token:
                                start_position:
                                  bytes: 24
                                  line: 3
                                  character: 3
                                end_position:
                                  bytes: 25
                                  line: 3
                                  character: 4
                                token_type:
                                  type: Symbol
                                  symbol: "<"
                              trailing_trivia: []
                            name:
                              Name:
                                leading_trivia: []
                                token:
                                  start_position:
                                    bytes: 25
                                    line: 3
                                    character: 4
                                  end_position:
                                    bytes: 31
                                    line: 3
                                    character: 10
                                  token_type:
                                    type: Identifier
                                    identifier: Child1
                                trailing_trivia: []
                            attributes: []
                            self_closing:
                              leading_trivia: []
                              token:
                                start_position:
                                  bytes: 31
                                  line: 3
                                  character: 10
                                end_position:
                                  bytes: 32
                                  line: 3
                                  character: 11
                                token_type:
                                  type: Symbol
                                  symbol: /
                              trailing_trivia: []
                            closing_bracket:
                              leading_trivia: []
                              token:
                                start_position:
                                  bytes: 32
                                  line: 3
                                  character: 11
                                end_position:
                                  bytes: 33
                                  line: 3
                                  character: 12
                                token_type:
                                  type: Symbol
                                  symbol: ">"
                              trailing_trivia:
                                - start_position:
                                    bytes: 33
                                    line: 3
                                    character: 12
                                  end_position:
                                    bytes: 34
                                    line: 3
                                    character: 12
                                  token_type:
                                    type: Whitespace
                                    characters: "\n"
                          children: []
                          closing_element: ~
                      - Element:
                          opening_element:
                            opening_bracket:
                              leading_trivia:
                                - start_position:
                                    bytes: 34
                                    line: 4
                                    character: 1
                                  end_position:
                                    bytes: 36
                                    line: 4
                                    character: 3
                                  token_type:
                                    type: Whitespace
                                    characters: "\t\t"
                              token:
                                start_position:
                                  bytes: 36
                                  line: 4
                                  character: 3
                                end_position:
                                  bytes: 37
                                  line: 4
                                  character: 4
                                token_type:
                                  type: Symbol
                                  symbol: "<"
                              trailing_trivia: []
                            name:
                              Name:
                                leading_trivia: []
                                token:
                                  start_position:
                                    bytes: 37
                                    line: 4
                                    character: 4
                                  end_position:
                                    bytes: 43
                                    line: 4
                                    character: 10
                                  token_type:
                                    type: Identifier
                                    identifier: Child2
                                trailing_trivia: []
                            attributes: []
                            self_closing:
                              leading_trivia: []
                              token:
                                start_position:
                                  bytes: 43
                                  line: 4
                                  character: 10
                                end_position:
                                  bytes: 44
                                  line: 4
                                  character: 11
                                token_type:
                                  type: Symbol
                                  symbol: /
                              trailing_trivia: []
                            closing_bracket:
                              leading_trivia: []
                              token:
                                start_position:
                                  bytes: 44
                                  line: 4
                                  character: 11
                                end_position:
                                  bytes: 45
                                  line: 4
                                  character: 12
                                token_type:
                                  type: Symbol
                                  symbol: ">"
                              trailing_trivia:
                                - start_position:
                                    bytes: 45
                                    line: 4
                                    character: 12
                                  end_position:
                                    bytes: 46
                                    line: 4
                                    character: 12
                                  token_type:
                                    type: Whitespace
                                    characters: "\n"
                          children: []
                          closing_element: ~
                    closing_element:
                      opening_bracket:
                        leading_trivia:
                          - start_position:
                              bytes: 46
                              line: 5
                              character: 1
                            end_position:
                              bytes: 47
                              line: 5
                              character: 2
                            token_type:
                              type: Whitespace
                              characters: "\t"
                        token:
                          start_position:
                            bytes: 47
                            line: 5
                            character: 2
                          end_position:
                            bytes: 48
                            line: 5
                            character: 3
                          token_type:
                            type: Symbol
                            symbol: "<"
                        trailing_trivia: []
                      slash:
                        leading_trivia: []
                        token:
                          start_position:
                            bytes: 48
                            line: 5
                            character: 3
                          end_position:
                            bytes: 49
                            line: 5
                            character: 4
                          token_type:
                            type: Symbol
                            symbol: /
                        trailing_trivia: []
                      name:
                        Name:
                          leading_trivia: []
                          token:
                            start_position:
                              bytes: 49
                              line: 5
                              character: 4
                            end_position:
                              bytes: 58
                              line: 5
                              character: 13
                            token_type:
                              type: Identifier
                              identifier: Component
                          trailing_trivia: []
                      closing_bracket:
                        leading_trivia: []
                        token:
                          start_position:
                            bytes: 58
                            line: 5
                            character: 13
                          end_position:
                            bytes: 59
                            line: 5
                            character: 14
                          token_type:
                            type: Symbol
                            symbol: ">"
                        trailing_trivia:
                          - start_position:
                              bytes: 59
                              line: 5
                              character: 14
                            end_position:
                              bytes: 60
                              line: 5
                              character: 14
                            token_type:
                              type: Whitespace
                              characters: "\n"
  - ~

