---
source: full-moon/tests/pass_cases.rs
expression: ast.nodes()
input_file: full-moon/tests/luax_cases/pass/expression
---
stmts: []
last_stmt:
  - Return:
      token:
        leading_trivia: []
        token:
          start_position:
            bytes: 0
            line: 1
            character: 1
          end_position:
            bytes: 6
            line: 1
            character: 7
          token_type:
            type: Symbol
            symbol: return
        trailing_trivia:
          - start_position:
              bytes: 6
              line: 1
              character: 7
            end_position:
              bytes: 7
              line: 1
              character: 8
            token_type:
              type: Whitespace
              characters: " "
      returns:
        pairs:
          - End:
              LuaxElement:
                opening_element:
                  opening_bracket:
                    leading_trivia: []
                    token:
                      start_position:
                        bytes: 7
                        line: 1
                        character: 8
                      end_position:
                        bytes: 8
                        line: 1
                        character: 9
                      token_type:
                        type: Symbol
                        symbol: "<"
                    trailing_trivia: []
                  name:
                    Name:
                      leading_trivia: []
                      token:
                        start_position:
                          bytes: 8
                          line: 1
                          character: 9
                        end_position:
                          bytes: 17
                          line: 1
                          character: 18
                        token_type:
                          type: Identifier
                          identifier: Component
                      trailing_trivia: []
                  attributes: []
                  self_closing: ~
                  closing_bracket:
                    leading_trivia: []
                    token:
                      start_position:
                        bytes: 17
                        line: 1
                        character: 18
                      end_position:
                        bytes: 18
                        line: 1
                        character: 19
                      token_type:
                        type: Symbol
                        symbol: ">"
                    trailing_trivia: []
                children:
                  - Expression:
                      opening_brace:
                        leading_trivia: []
                        token:
                          start_position:
                            bytes: 18
                            line: 1
                            character: 19
                          end_position:
                            bytes: 19
                            line: 1
                            character: 20
                          token_type:
                            type: Symbol
                            symbol: "{"
                        trailing_trivia: []
                      expression:
                        BinaryOperator:
                          lhs:
                            Var:
                              Name:
                                leading_trivia: []
                                token:
                                  start_position:
                                    bytes: 19
                                    line: 1
                                    character: 20
                                  end_position:
                                    bytes: 28
                                    line: 1
                                    character: 29
                                  token_type:
                                    type: Identifier
                                    identifier: condition
                                trailing_trivia:
                                  - start_position:
                                      bytes: 28
                                      line: 1
                                      character: 29
                                    end_position:
                                      bytes: 29
                                      line: 1
                                      character: 30
                                    token_type:
                                      type: Whitespace
                                      characters: " "
                          binop:
                            And:
                              leading_trivia: []
                              token:
                                start_position:
                                  bytes: 29
                                  line: 1
                                  character: 30
                                end_position:
                                  bytes: 32
                                  line: 1
                                  character: 33
                                token_type:
                                  type: Symbol
                                  symbol: and
                              trailing_trivia:
                                - start_position:
                                    bytes: 32
                                    line: 1
                                    character: 33
                                  end_position:
                                    bytes: 33
                                    line: 1
                                    character: 34
                                  token_type:
                                    type: Whitespace
                                    characters: " "
                          rhs:
                            LuaxElement:
                              opening_element:
                                opening_bracket:
                                  leading_trivia: []
                                  token:
                                    start_position:
                                      bytes: 33
                                      line: 1
                                      character: 34
                                    end_position:
                                      bytes: 34
                                      line: 1
                                      character: 35
                                    token_type:
                                      type: Symbol
                                      symbol: "<"
                                  trailing_trivia: []
                                name:
                                  Name:
                                    leading_trivia: []
                                    token:
                                      start_position:
                                        bytes: 34
                                        line: 1
                                        character: 35
                                      end_position:
                                        bytes: 39
                                        line: 1
                                        character: 40
                                      token_type:
                                        type: Identifier
                                        identifier: Child
                                    trailing_trivia: []
                                attributes: []
                                self_closing:
                                  leading_trivia: []
                                  token:
                                    start_position:
                                      bytes: 39
                                      line: 1
                                      character: 40
                                    end_position:
                                      bytes: 40
                                      line: 1
                                      character: 41
                                    token_type:
                                      type: Symbol
                                      symbol: /
                                  trailing_trivia: []
                                closing_bracket:
                                  leading_trivia: []
                                  token:
                                    start_position:
                                      bytes: 40
                                      line: 1
                                      character: 41
                                    end_position:
                                      bytes: 41
                                      line: 1
                                      character: 42
                                    token_type:
                                      type: Symbol
                                      symbol: ">"
                                  trailing_trivia: []
                              children: []
                              closing_element: ~
                      closing_brace:
                        leading_trivia: []
                        token:
                          start_position:
                            bytes: 41
                            line: 1
                            character: 42
                          end_position:
                            bytes: 42
                            line: 1
                            character: 43
                          token_type:
                            type: Symbol
                            symbol: "}"
                        trailing_trivia: []
                closing_element:
                  opening_bracket:
                    leading_trivia: []
                    token:
                      start_position:
                        bytes: 42
                        line: 1
                        character: 43
                      end_position:
                        bytes: 43
                        line: 1
                        character: 44
                      token_type:
                        type: Symbol
                        symbol: "<"
                    trailing_trivia: []
                  slash:
                    leading_trivia: []
                    token:
                      start_position:
                        bytes: 43
                        line: 1
                        character: 44
                      end_position:
                        bytes: 44
                        line: 1
                        character: 45
                      token_type:
                        type: Symbol
                        symbol: /
                    trailing_trivia: []
                  name:
                    Name:
                      leading_trivia: []
                      token:
                        start_position:
                          bytes: 44
                          line: 1
                          character: 45
                        end_position:
                          bytes: 53
                          line: 1
                          character: 54
                        token_type:
                          type: Identifier
                          identifier: Component
                      trailing_trivia: []
                  closing_bracket:
                    leading_trivia: []
                    token:
                      start_position:
                        bytes: 53
                        line: 1
                        character: 54
                      end_position:
                        bytes: 54
                        line: 1
                        character: 55
                      token_type:
                        type: Symbol
                        symbol: ">"
                    trailing_trivia:
                      - start_position:
                          bytes: 54
                          line: 1
                          character: 55
                        end_position:
                          bytes: 55
                          line: 1
                          character: 55
                        token_type:
                          type: Whitespace
                          characters: "\n"
  - ~

